// Jest Snapshot v1, https://goo.gl/fbAQLP

exports[`Component App renders without crashing 1`] = `
<DocumentFragment>
  <div
    style="text-align: center;"
  >
    <h1
      class="error"
    >
      We're sorry, but something went wrong
    </h1>
    <h3>
      You may go back, or click below to try again
    </h3>
    <button
      type="button"
    >
      Retry
    </button>
  </div>
</DocumentFragment>
`;
